00:00 [32m+0[0m: [1m[90mloading test/analysis/type_checker/primitive_mode_coverage_test.dart[0m[0m                                                                                                                         00:00 [32m+0[0m: test/analysis/type_checker/primitive_mode_coverage_test.dart: Primitive Mode Coverage Positive Controls Single _ position needs only writer[0m                                                  00:00 [32m+1[0m: test/analysis/type_checker/primitive_mode_coverage_test.dart: Primitive Mode Coverage Positive Controls Single _ position needs only writer[0m                                                  00:00 [32m+1[0m[31m -1[0m: test/analysis/type_checker/primitive_mode_coverage_test.dart: Primitive Mode Coverage Positive Controls Single _ position needs only writer[0m                                               00:00 [32m+2[0m[31m -1[0m: test/analysis/type_checker/moded_head_test.dart: modedHead Basic Cases simple unary input procedure[0m                                                                                       00:00 [32m+3[0m[31m -1[0m: test/analysis/type_checker/moded_head_test.dart: modedHead Basic Cases simple unary input procedure[0m                                                                                       00:00 [32m+4[0m[31m -1[0m: test/analysis/type_checker/program_dfa_test.dart: DFAState name getter returns baseName for non-complement state[0m                                                                          00:00 [32m+5[0m[31m -1[0m: test/analysis/type_checker/program_dfa_test.dart: DFAState name getter returns baseName for non-complement state[0m                                                                          00:00 [32m+6[0m[31m -1[0m: test/analysis/type_checker/primitive_mode_coverage_test.dart: Primitive Mode Coverage Positive Controls List with _ elements needs only writer mode[0m                                       00:00 [32m+7[0m[31m -1[0m: test/analysis/type_checker/primitive_mode_coverage_test.dart: Primitive Mode Coverage Positive Controls List with _ elements needs only writer mode[0m                                       00:00 [32m+8[0m[31m -1[0m: test/analysis/type_checker/primitive_mode_coverage_test.dart: Primitive Mode Coverage Positive Controls List with _ elements needs only writer mode[0m                                       00:00 [32m+9[0m[31m -1[0m: test/analysis/type_checker/primitive_mode_coverage_test.dart: Primitive Mode Coverage Positive Controls List with _ elements needs only writer mode[0m                                       00:00 [32m+9[0m[31m -1[0m: test/analysis/type_checker/prelude_test.dart: Predefined Types Prelude Prelude Parsing Output type is defined [1m[31m[E][0m[0m                                                                         
  Expected: true
    Actual: <false>
  
  package:matcher                                    expect
  test/analysis/type_checker/prelude_test.dart 31:9  main.<fn>.<fn>.<fn>
  

[1m[36mTo run this test again:[0m /opt/homebrew/share/flutter/bin/cache/dart-sdk/bin/dart test test/analysis/type_checker/prelude_test.dart -p vm --plain-name 'Predefined Types Prelude Prelude Parsing Output type is defined'
00:00 [32m+10[0m[31m -1[0m: test/analysis/type_checker/primitive_mode_coverage_test.dart: Primitive Mode Coverage Positive Controls List with _ elements needs only writer mode[0m                                      00:00 [32m+11[0m[31m -1[0m: test/analysis/type_checker/program_dfa_test.dart: DFAState double complement returns original state[0m                                                                                      00:00 [32m+12[0m[31m -1[0m: test/analysis/type_checker/prelude_test.dart: Predefined Types Prelude Prelude Parsing Input type is defined[0m                                                                             00:00 [32m+13[0m[31m -1[0m: test/analysis/type_checker/prelude_test.dart: Predefined Types Prelude Prelude Parsing Input type is defined[0m                                                                             00:00 [32m+14[0m[31m -1[0m: test/analysis/type_checker/prelude_test.dart: Predefined Types Prelude Prelude Parsing Input type is defined[0m                                                                             00:00 [32m+15[0m[31m -2[0m: test/analysis/type_checker/primitive_mode_coverage_test.dart: Primitive Mode Coverage Negative Controls Wrong mode at output position fails[0m                                              00:00 [32m+15[0m[31m -2[0m: test/analysis/type_checker/prelude_test.dart: Predefined Types Prelude Prelude Parsing Input type is defined [1m[31m[E][0m[0m                                                                         
  Expected: true
    Actual: <false>
  
  package:matcher                                    expect
  test/analysis/type_checker/prelude_test.dart 40:9  main.<fn>.<fn>.<fn>
  

[1m[36mTo run this test again:[0m /opt/homebrew/share/flutter/bin/cache/dart-sdk/bin/dart test test/analysis/type_checker/prelude_test.dart -p vm --plain-name 'Predefined Types Prelude Prelude Parsing Input type is defined'
00:00 [32m+16[0m[31m -2[0m: test/analysis/type_checker/primitive_mode_coverage_test.dart: Primitive Mode Coverage Negative Controls Wrong mode at output position fails[0m                                              00:00 [32m+17[0m[31m -2[0m: test/analysis/type_checker/primitive_mode_coverage_test.dart: Primitive Mode Coverage Negative Controls Wrong mode at output position fails[0m                                              00:00 [32m+18[0m[31m -2[0m: test/analysis/type_checker/primitive_mode_coverage_test.dart: Primitive Mode Coverage Negative Controls Wrong mode at output position fails[0m                                              00:00 [32m+19[0m[31m -2[0m: test/analysis/type_checker/primitive_mode_coverage_test.dart: Primitive Mode Coverage Negative Controls Wrong mode at output position fails[0m                                              00:00 [32m+20[0m[31m -2[0m: test/analysis/type_checker/primitive_mode_coverage_test.dart: Primitive Mode Coverage Negative Controls Wrong mode at output position fails[0m                                              00:00 [32m+21[0m[31m -2[0m: test/analysis/type_checker/primitive_mode_coverage_test.dart: Primitive Mode Coverage Negative Controls Wrong mode at output position fails[0m                                              00:00 [32m+22[0m[31m -2[0m: test/analysis/type_checker/primitive_mode_coverage_test.dart: Primitive Mode Coverage Negative Controls Wrong mode at output position fails[0m                                              00:00 [32m+23[0m[31m -3[0m: test/analysis/type_checker/moded_head_test.dart: producedTerm Basic Cases body atom has produce mode at root[0m                                                                             00:00 [32m+24[0m[31m -3[0m: test/analysis/type_checker/program_dfa_test.dart: TransitionLabel functor label with mode[0m                                                                                                00:00 [32m+25[0m[31m -3[0m: test/analysis/type_checker/prelude_test.dart: Predefined Types Prelude Prelude Parsing DiffList type is defined[0m                                                                          00:00 [32m+26[0m[31m -3[0m: test/analysis/type_checker/prelude_test.dart: Predefined Types Prelude Prelude Parsing DiffList type is defined[0m                                                                          00:00 [32m+27[0m[31m -3[0m: test/analysis/type_checker/program_dfa_test.dart: TransitionLabel constant label has arity 0 and argIndex 0[0m                                                                              00:00 [32m+28[0m[31m -3[0m: test/analysis/type_checker/moded_head_test.dart: producedTerm Paper Example: merge body atom merge body atom[0m                                                                             00:00 [32m+29[0m[31m -3[0m: test/analysis/type_checker/moded_head_test.dart: producedTerm Paper Example: merge body atom merge body atom[0m                                                                             00:00 [32m+29[0m[31m -3[0m: test/analysis/type_checker/prelude_test.dart: Predefined Types Prelude Prelude Parsing Channel type is defined[0m                                                                           00:00 [32m+30[0m[31m -3[0m: test/analysis/type_checker/program_dfa_test.dart: TransitionLabel complement flips mode[0m                                                                                                  00:00 [32m+31[0m[31m -3[0m: test/analysis/type_checker/program_dfa_test.dart: TransitionLabel complement flips mode[0m                                                                                                  00:00 [32m+32[0m[31m -3[0m: test/analysis/type_checker/program_dfa_test.dart: TransitionLabel complement flips mode[0m                                                                                                  00:00 [32m+32[0m[31m -3[0m: test/analysis/type_checker/prelude_test.dart: Predefined Types Prelude Predefined Procedures = procedure is declared[0m                                                                     00:00 [32m+33[0m[31m -3[0m: test/analysis/type_checker/prelude_test.dart: Predefined Types Prelude Predefined Procedures = procedure is declared[0m                                                                     00:00 [32m+34[0m[31m -3[0m: test/analysis/type_checker/moded_head_test.dart: Integration: modedHead + paths merge moded head produces correct paths[0m                                                                  00:00 [32m+35[0m[31m -3[0m: test/analysis/type_checker/moded_head_test.dart: Integration: modedHead + paths merge moded head produces correct paths[0m                                                                  00:00 [32m+35[0m[31m -3[0m: test/analysis/type_checker/program_dfa_test.dart: TransitionLabel equality includes mode[0m                                                                                                 00:00 [32m+36[0m[31m -3[0m: test/analysis/type_checker/prelude_test.dart: Predefined Types Prelude Predefined Procedures ground procedure is declared[0m                                                                00:00 [32m+37[0m[31m -3[0m: test/analysis/type_checker/moded_head_test.dart: Postcondition Verification modedHead result satisfies isIO[0m                                                                              00:00 [32m+38[0m[31m -3[0m: test/analysis/type_checker/moded_head_test.dart: Postcondition Verification modedHead result satisfies isIO[0m                                                                              00:00 [32m+38[0m[31m -3[0m: test/analysis/type_checker/program_dfa_test.dart: ProgramDFA Construction system states exist in pairs[0m                                                                                   00:00 [32m+39[0m[31m -3[0m: test/analysis/type_checker/program_dfa_test.dart: ProgramDFA Construction system states exist in pairs[0m                                                                                   00:00 [32m+40[0m[31m -3[0m: test/analysis/type_checker/program_dfa_test.dart: ProgramDFA Construction system states exist in pairs[0m                                                                                   00:00 [32m+41[0m[31m -3[0m: test/analysis/type_checker/program_dfa_test.dart: ProgramDFA Construction system states exist in pairs[0m                                                                                   00:00 [32m+41[0m[31m -3[0m: test/analysis/type_checker/prelude_test.dart: Predefined Types Prelude Predefined Procedures dl_to_list procedure is declared[0m                                                            00:00 [32m+42[0m[31m -3[0m: test/analysis/type_checker/program_dfa_test.dart: ProgramDFA Construction defined type creates state pair[0m                                                                                00:00 [32m+43[0m[31m -3[0m: test/analysis/type_checker/prelude_test.dart: Predefined Types Prelude Predefined Procedures new_channel procedure is declared[0m                                                           00:00 [32m+43[0m[31m -3[0m: test/analysis/type_checker/primitive_mode_coverage_test.dart: Primitive Mode Coverage Negative Controls Wrong mode at output position fails [1m[31m[E][0m[0m                                          
  Expected: false
    Actual: <true>
  Writer X at output _ position is wrong mode (needs reader)
  
  package:matcher                                                    expect
  test/analysis/type_checker/primitive_mode_coverage_test.dart 59:9  main.<fn>.<fn>.<fn>
  

[1m[36mTo run this test again:[0m /opt/homebrew/share/flutter/bin/cache/dart-sdk/bin/dart test test/analysis/type_checker/primitive_mode_coverage_test.dart -p vm --plain-name 'Primitive Mode Coverage Negative Controls Wrong mode at output position fails'
00:00 [32m+44[0m[31m -3[0m: test/analysis/type_checker/program_dfa_test.dart: ProgramDFA Construction defined type creates automaton pair[0m                                                                            00:00 [32m+45[0m[31m -3[0m: test/analysis/type_checker/primitive_mode_coverage_test.dart: Primitive Mode Coverage Negative Controls Wrong mode at input position fails[0m                                               00:00 [32m+46[0m[31m -3[0m: test/analysis/type_checker/primitive_mode_coverage_test.dart: Primitive Mode Coverage Negative Controls Wrong mode at input position fails[0m                                               00:00 [32m+47[0m[31m -3[0m: test/analysis/type_checker/primitive_mode_coverage_test.dart: Primitive Mode Coverage Negative Controls Wrong mode at input position fails[0m                                               00:00 [32m+48[0m[31m -4[0m: test/analysis/type_checker/prelude_test.dart: Predefined Types Prelude Redefinition Prevention cannot redefine Output[0m                                                                    00:00 [32m+48[0m[31m -4[0m: test/analysis/type_checker/primitive_mode_coverage_test.dart: Primitive Mode Coverage Negative Controls Wrong mode at input position fails [1m[31m[E][0m[0m                                           
  Expected: false
    Actual: <true>
  Reader X? at input _? position is wrong mode (needs writer)
  
  package:matcher                                                    expect
  test/analysis/type_checker/primitive_mode_coverage_test.dart 70:9  main.<fn>.<fn>.<fn>
  

[1m[36mTo run this test again:[0m /opt/homebrew/share/flutter/bin/cache/dart-sdk/bin/dart test test/analysis/type_checker/primitive_mode_coverage_test.dart -p vm --plain-name 'Primitive Mode Coverage Negative Controls Wrong mode at input position fails'
00:00 [32m+49[0m[31m -4[0m: test/analysis/type_checker/prelude_test.dart: Predefined Types Prelude Redefinition Prevention cannot redefine Output[0m                                                                    00:00 [32m+50[0m[31m -4[0m: test/analysis/type_checker/prelude_test.dart: Predefined Types Prelude Redefinition Prevention cannot redefine Output[0m                                                                    00:00 [32m+51[0m[31m -4[0m: test/analysis/type_checker/prelude_test.dart: Predefined Types Prelude Redefinition Prevention cannot redefine Output[0m                                                                    00:00 [32m+52[0m[31m -4[0m: test/analysis/type_checker/prelude_test.dart: Predefined Types Prelude Redefinition Prevention cannot redefine Output[0m                                                                    00:00 [32m+53[0m[31m -4[0m: test/analysis/type_checker/prelude_test.dart: Predefined Types Prelude Redefinition Prevention cannot redefine Output[0m                                                                    00:00 [32m+54[0m[31m -4[0m: test/analysis/type_checker/prelude_test.dart: Predefined Types Prelude Redefinition Prevention cannot redefine Output[0m                                                                    00:00 [32m+55[0m[31m -4[0m: test/analysis/type_checker/prelude_test.dart: Predefined Types Prelude Redefinition Prevention cannot redefine Output[0m                                                                    00:00 [32m+56[0m[31m -4[0m: test/analysis/type_checker/prelude_test.dart: Predefined Types Prelude Redefinition Prevention cannot redefine Output[0m                                                                    00:00 [32m+57[0m[31m -4[0m: test/analysis/type_checker/prelude_test.dart: Predefined Types Prelude Redefinition Prevention cannot redefine Output[0m                                                                    00:00 [32m+58[0m[31m -4[0m: test/analysis/type_checker/prelude_test.dart: Predefined Types Prelude Redefinition Prevention cannot redefine Output[0m                                                                    00:00 [32m+59[0m[31m -4[0m: test/analysis/type_checker/prelude_test.dart: Predefined Types Prelude Redefinition Prevention cannot redefine Output[0m                                                                    00:00 [32m+60[0m[31m -4[0m: test/analysis/type_checker/prelude_test.dart: Predefined Types Prelude Redefinition Prevention cannot redefine Output[0m                                                                    00:00 [32m+61[0m[31m -4[0m: test/analysis/type_checker/prelude_test.dart: Predefined Types Prelude Redefinition Prevention cannot redefine Output[0m                                                                    00:00 [32m+62[0m[31m -4[0m: test/analysis/type_checker/prelude_test.dart: Predefined Types Prelude Redefinition Prevention cannot redefine Output[0m                                                                    00:00 [32m+63[0m[31m -4[0m: test/analysis/type_checker/prelude_test.dart: Predefined Types Prelude Redefinition Prevention cannot redefine Output[0m                                                                    00:00 [32m+64[0m[31m -5[0m: test/analysis/type_checker/program_dfa_test.dart: Leaf Consistency reader at Integer? state (complement) with consume is consistent[0m                                                      00:00 [32m+64[0m[31m -5[0m: test/analysis/type_checker/program_dfa_test.dart: Leaf Consistency NEGATIVE: reader at produce mode is inconsistent[0m                                                                      00:00 [32m+64[0m[31m -5[0m: test/analysis/type_checker/prelude_test.dart: Predefined Types Prelude Redefinition Prevention cannot redefine Output [1m[31m[E][0m[0m                                                                
  Expected: throws satisfies function
    Actual: <Closure: () => TypeCheckResult>
     Which: returned TypeCheckResult:<Warnings:
                       Procedure integer/1 declared but not defined at line 18, column 1
                       Procedure number/1 declared but not defined at line 19, column 1
                       Procedure string/1 declared but not defined at line 20, column 1
                       Procedure atom/1 declared but not defined at line 21, column 1
                       Procedure constant/1 declared but not defined at line 22, column 1
                       Procedure compound/1 declared but not defined at line 23, column 1
                       Procedure is_list/1 declared but not defined at line 24, column 1
                       Procedure ground/1 declared but not defined at line 27, column 1
                       Procedure known/1 declared but not defined at line 28, column 1
                       Procedure unknown/1 declared but not defined at line 29, column 1
                       Procedure </2 declared but not defined at line 32, column 1
                       Procedure >/2 declared but not defined at line 33, column 1
                       Procedure =</2 declared but not defined at line 34, column 1
                       Procedure >=/2 declared but not defined at line 35, column 1
                       Procedure =:=/2 declared but not defined at line 36, column 1
                       Procedure =\=/2 declared but not defined at line 37, column 1
                       Procedure =?=/2 declared but not defined at line 40, column 1
                       Procedure =/2 declared but not defined at line 43, column 1
                       Procedure dl_append/3 declared but not defined at line 46, column 1
                       Procedure dl_to_list/2 declared but not defined at line 47, column 1
                       Procedure new_channel/2 declared but not defined at line 50, column 1
                       Procedure send/3 declared but not defined at line 51, column 1
                       Procedure receive/3 declared but not defined at line 52, column 1
                     >
  
  package:matcher                                     expect
  test/analysis/type_checker/prelude_test.dart 115:9  main.<fn>.<fn>.<fn>
  
00:00 [32m+65[0m[31m -5[0m: test/analysis/type_checker/program_dfa_test.dart: Leaf Consistency NEGATIVE: reader at produce mode is inconsistent[0m                                                                      
[1m[36mTo run this test again:[0m /opt/homebrew/share/flutter/bin/cache/dart-sdk/bin/dart test test/analysis/type_checker/prelude_test.dart -p vm --plain-name 'Predefined Types Prelude Redefinition Prevention cannot redefine Output'
00:00 [32m+65[0m[31m -5[0m: test/analysis/type_checker/prelude_test.dart: Predefined Types Prelude Redefinition Prevention cannot redefine Input[0m                                                                     00:00 [32m+66[0m[31m -5[0m: test/analysis/type_checker/prelude_test.dart: Predefined Types Prelude Redefinition Prevention cannot redefine Input[0m                                                                     00:00 [32m+67[0m[31m -5[0m: test/analysis/type_checker/prelude_test.dart: Predefined Types Prelude Redefinition Prevention cannot redefine Input[0m                                                                     00:00 [32m+67[0m[31m -6[0m: test/analysis/type_checker/program_dfa_test.dart: Leaf Consistency NEGATIVE: reader at produce mode at type state is inconsistent[0m                                                        00:00 [32m+67[0m[31m -6[0m: test/analysis/type_checker/prelude_test.dart: Predefined Types Prelude Redefinition Prevention cannot redefine Input [1m[31m[E][0m[0m                                                                 
  Expected: throws satisfies function
    Actual: <Closure: () => TypeCheckResult>
     Which: returned TypeCheckResult:<Warnings:
                       Procedure integer/1 declared but not defined at line 18, column 1
                       Procedure number/1 declared but not defined at line 19, column 1
                       Procedure string/1 declared but not defined at line 20, column 1
                       Procedure atom/1 declared but not defined at line 21, column 1
                       Procedure constant/1 declared but not defined at line 22, column 1
                       Procedure compound/1 declared but not defined at line 23, column 1
                       Procedure is_list/1 declared but not defined at line 24, column 1
                       Procedure ground/1 declared but not defined at line 27, column 1
                       Procedure known/1 declared but not defined at line 28, column 1
                       Procedure unknown/1 declared but not defined at line 29, column 1
                       Procedure </2 declared but not defined at line 32, column 1
                       Procedure >/2 declared but not defined at line 33, column 1
                       Procedure =</2 declared but not defined at line 34, column 1
                       Procedure >=/2 declared but not defined at line 35, column 1
                       Procedure =:=/2 declared but not defined at line 36, column 1
                       Procedure =\=/2 declared but not defined at line 37, column 1
                       Procedure =?=/2 declared but not defined at line 40, column 1
                       Procedure =/2 declared but not defined at line 43, column 1
                       Procedure dl_append/3 declared but not defined at line 46, column 1
                       Procedure dl_to_list/2 declared but not defined at line 47, column 1
                       Procedure new_channel/2 declared but not defined at line 50, column 1
                       Procedure send/3 declared but not defined at line 51, column 1
                       Procedure receive/3 declared but not defined at line 52, column 1
                     >
  
  package:matcher                                     expect
  test/analysis/type_checker/prelude_test.dart 122:9  main.<fn>.<fn>.<fn>
  
00:00 [32m+68[0m[31m -6[0m: test/analysis/type_checker/program_dfa_test.dart: Leaf Consistency NEGATIVE: reader at produce mode at type state is inconsistent[0m                                                        
[1m[36mTo run this test again:[0m /opt/homebrew/share/flutter/bin/cache/dart-sdk/bin/dart test test/analysis/type_checker/prelude_test.dart -p vm --plain-name 'Predefined Types Prelude Redefinition Prevention cannot redefine Input'
00:00 [32m+68[0m[31m -6[0m: test/analysis/type_checker/program_dfa_test.dart: Error conditions NEGATIVE: unknown type in procedure throws error[0m                                                                      00:00 [32m+69[0m[31m -6[0m: test/analysis/type_checker/prelude_test.dart: Predefined Types Prelude Redefinition Prevention cannot redefine List[0m                                                                      00:00 [32m+70[0m[31m -6[0m: test/analysis/type_checker/prelude_test.dart: Predefined Types Prelude Redefinition Prevention cannot redefine List[0m                                                                      00:00 [32m+71[0m[31m -6[0m: test/analysis/type_checker/program_dfa_test.dart: Error conditions NEGATIVE: unknown automaton name throws StateError[0m                                                                    00:00 [32m+72[0m[31m -6[0m: test/analysis/type_checker/program_dfa_test.dart: Error conditions NEGATIVE: unknown automaton name throws StateError[0m                                                                    00:00 [32m+72[0m[31m -6[0m: test/analysis/type_checker/prelude_test.dart: Predefined Types Prelude Redefinition Prevention cannot redefine DiffList[0m                                                                  00:00 [32m+73[0m[31m -6[0m: test/analysis/type_checker/prelude_test.dart: Predefined Types Prelude Redefinition Prevention cannot redefine DiffList[0m                                                                  00:00 [32m+73[0m[31m -6[0m: test/analysis/type_checker/prelude_test.dart: Predefined Types Prelude Redefinition Prevention cannot redefine Channel[0m                                                                   00:00 [32m+74[0m[31m -6[0m: test/analysis/type_checker/prelude_test.dart: Predefined Types Prelude Redefinition Prevention cannot redefine Channel[0m                                                                   00:00 [32m+74[0m[31m -6[0m: test/analysis/type_checker/prelude_test.dart: Predefined Types Prelude Redefinition Prevention cannot redefine dl_append[0m                                                                 00:00 [32m+75[0m[31m -6[0m: test/analysis/type_checker/prelude_test.dart: Predefined Types Prelude Redefinition Prevention cannot redefine dl_append[0m                                                                 00:00 [32m+75[0m[31m -6[0m: test/analysis/type_checker/prelude_test.dart: Predefined Types Prelude Redefinition Prevention cannot redefine send[0m                                                                      00:00 [32m+76[0m[31m -6[0m: test/analysis/type_checker/prelude_test.dart: Predefined Types Prelude Redefinition Prevention cannot redefine send[0m                                                                      00:00 [32m+76[0m[31m -6[0m: test/analysis/type_checker/prelude_test.dart: Predefined Types Prelude Redefinition Prevention can define new types[0m                                                                      00:00 [32m+77[0m[31m -6[0m: test/analysis/type_checker/prelude_test.dart: Predefined Types Prelude Redefinition Prevention can define new types[0m                                                                      00:00 [32m+77[0m[31m -6[0m: test/analysis/type_checker/prelude_test.dart: Predefined Types Prelude Usage in Programs can use List without declaring it[0m                                                               00:00 [32m+78[0m[31m -6[0m: test/analysis/type_checker/prelude_test.dart: Predefined Types Prelude Usage in Programs can use List without declaring it[0m                                                               00:00 [32m+78[0m[31m -6[0m: test/analysis/type_checker/prelude_test.dart: Predefined Types Prelude Usage in Programs can use Output without declaring it[0m                                                             00:00 [32m+78[0m[31m -7[0m: test/analysis/type_checker/prelude_test.dart: Predefined Types Prelude Usage in Programs can use Output without declaring it [1m[31m[E][0m[0m                                                         
  UnknownTypeError: Output
  package:glp_runtime/analysis/type_checker/program_dfa.dart 417:7    _buildProcedureAutomaton
  package:glp_runtime/analysis/type_checker/program_dfa.dart 241:25   buildProgramDFA
  package:glp_runtime/analysis/type_checker/type_checker.dart 111:37  new TypeChecker
  package:glp_runtime/analysis/type_checker/type_checker.dart 584:19  checkModule
  package:glp_runtime/analysis/type_checker/type_checker.dart 599:10  checkSource
  test/analysis/type_checker/test_helpers.dart 12:10                  checkTypes
  test/analysis/type_checker/prelude_test.dart 198:24                 main.<fn>.<fn>.<fn>
  

[1m[36mTo run this test again:[0m /opt/homebrew/share/flutter/bin/cache/dart-sdk/bin/dart test test/analysis/type_checker/prelude_test.dart -p vm --plain-name 'Predefined Types Prelude Usage in Programs can use Output without declaring it'
00:00 [32m+78[0m[31m -7[0m: test/analysis/type_checker/prelude_test.dart: Predefined Types Prelude Usage in Programs can use Channel in program[0m                                                                      00:00 [32m+79[0m[31m -7[0m: test/analysis/type_checker/prelude_test.dart: Predefined Types Prelude Usage in Programs can use Channel in program[0m                                                                      00:00 [32m+79[0m[31m -7[0m: test/analysis/type_checker/prelude_test.dart: Predefined Types Prelude Usage in Programs can use Stream in program[0m                                                                       00:00 [32m+80[0m[31m -7[0m: test/analysis/type_checker/prelude_test.dart: Predefined Types Prelude Usage in Programs can use Stream in program[0m                                                                       00:00 [32m+80[0m[31m -7[0m: [1m[90mloading test/analysis/type_checker/well_typed_clause_test.dart[0m[0m                                                                                                                           00:00 [32m+80[0m[31m -7[0m: test/analysis/type_checker/well_typed_clause_test.dart: WellTypedClause Basic Well-Typed Clauses POSITIVE: reader at output position is well-typed[0m                                       00:00 [32m+81[0m[31m -7[0m: test/analysis/type_checker/primitive_mode_test.dart: Primitive Mode Type Parsing Parse primitive mode output (_)[0m                                                                         00:00 [32m+82[0m[31m -7[0m: test/analysis/type_checker/primitive_mode_test.dart: Primitive Mode Type Parsing Parse primitive mode output (_)[0m                                                                         00:00 [32m+82[0m[31m -9[0m: [1m[90mloading test/analysis/type_checker/moded_term_test.dart[0m[0m                                                                                                                                  00:00 [32m+82[0m[31m -9[0m: test/analysis/type_checker/moded_term_test.dart: ModedTerm ModedVariable reader has consume mode[0m                                                                                         00:00 [32m+83[0m[31m -9[0m: test/analysis/type_checker/moded_term_test.dart: ModedTerm ModedVariable reader has consume mode[0m                                                                                         00:00 [32m+83[0m[31m -9[0m: test/analysis/type_checker/moded_term_test.dart: ModedTerm ModedVariable writer has produce mode[0m                                                                                         00:00 [32m+84[0m[31m -9[0m: test/analysis/type_checker/moded_term_test.dart: ModedTerm ModedVariable writer has produce mode[0m                                                                                         00:00 [32m+84[0m[31m -9[0m: test/analysis/type_checker/moded_term_test.dart: ModedTerm ModedVariable toString includes ? for readers[0m                                                                                 00:00 [32m+84[0m[31m -9[0m: test/analysis/type_checker/well_typed_clause_test.dart: WellTypedClause Basic Well-Typed Clauses NEGATIVE: writer at output position is NOT well-typed [1m[31m[E][0m[0m                               
  Expected: false
    Actual: <true>
  
  package:matcher                                               expect
  test/analysis/type_checker/well_typed_clause_test.dart 203:9  main.<fn>.<fn>.<fn>
  

[1m[36mTo run this test again:[0m /opt/homebrew/share/flutter/bin/cache/dart-sdk/bin/dart test test/analysis/type_checker/well_typed_clause_test.dart -p vm --plain-name 'WellTypedClause Basic Well-Typed Clauses NEGATIVE: writer at output position is NOT well-typed'
00:00 [32m+85[0m[31m -9[0m: test/analysis/type_checker/well_typed_clause_test.dart: WellTypedClause Basic Well-Typed Clauses NEGATIVE: reader at input position is NOT well-typed[0m                                    00:00 [32m+85[0m[31m -9[0m: test/analysis/type_checker/primitive_mode_test.dart: Primitive Mode Type Parsing Parse primitive mode output (_) [1m[31m[E][0m[0m                                                                     
  Type parse error at line 1, column 1: Type alias prohibited: MyType ::= _. Type definitions must introduce structure (constants, functors, or list constructors).
  package:glp_runtime/analysis/type_checker/type_parser.dart 330:9   TypeParser._parseTypeDef
  package:glp_runtime/analysis/type_checker/type_parser.dart 290:25  TypeParser.parse
  package:glp_runtime/analysis/type_checker/type_parser.dart 564:26  parseTypes
  test/analysis/type_checker/primitive_mode_test.dart 16:19          main.<fn>.<fn>
  

[1m[36mTo run this test again:[0m /opt/homebrew/share/flutter/bin/cache/dart-sdk/bin/dart test test/analysis/type_checker/primitive_mode_test.dart -p vm --plain-name 'Primitive Mode Type Parsing Parse primitive mode output (_)'
00:00 [32m+85[0m[31m -10[0m: test/analysis/type_checker/well_typed_clause_test.dart: WellTypedClause Basic Well-Typed Clauses NEGATIVE: reader at input position is NOT well-typed [1m[31m[E][0m[0m                               
  Expected: false
    Actual: <true>
  
  package:matcher                                               expect
  test/analysis/type_checker/well_typed_clause_test.dart 227:9  main.<fn>.<fn>.<fn>
  

[1m[36mTo run this test again:[0m /opt/homebrew/share/flutter/bin/cache/dart-sdk/bin/dart test test/analysis/type_checker/well_typed_clause_test.dart -p vm --plain-name 'WellTypedClause Basic Well-Typed Clauses NEGATIVE: reader at input position is NOT well-typed'
00:00 [32m+86[0m[31m -10[0m: test/analysis/type_checker/primitive_mode_test.dart: Primitive Mode Type Parsing Parse primitive mode input (_?)[0m                                                                        00:00 [32m+87[0m[31m -11[0m: test/analysis/type_checker/well_typed_clause_test.dart: WellTypedClause Basic Well-Typed Clauses constant in output position is well-typed[0m                                              00:00 [32m+87[0m[31m -11[0m: test/analysis/type_checker/primitive_mode_test.dart: Primitive Mode Type Parsing Parse primitive mode input (_?) [1m[31m[E][0m[0m                                                                    
  Type parse error at line 1, column 1: Type alias prohibited: MyType ::= _?. Type definitions must introduce structure (constants, functors, or list constructors).
  package:glp_runtime/analysis/type_checker/type_parser.dart 330:9   TypeParser._parseTypeDef
  package:glp_runtime/analysis/type_checker/type_parser.dart 290:25  TypeParser.parse
  package:glp_runtime/analysis/type_checker/type_parser.dart 564:26  parseTypes
  test/analysis/type_checker/primitive_mode_test.dart 31:19          main.<fn>.<fn>
  

[1m[36mTo run this test again:[0m /opt/homebrew/share/flutter/bin/cache/dart-sdk/bin/dart test test/analysis/type_checker/primitive_mode_test.dart -p vm --plain-name 'Primitive Mode Type Parsing Parse primitive mode input (_?)'
00:00 [32m+87[0m[31m -11[0m: test/analysis/type_checker/well_typed_clause_test.dart: WellTypedClause Basic Well-Typed Clauses constant in output position is well-typed[0m                                              00:00 [32m+88[0m[31m -11[0m: test/analysis/type_checker/moded_term_test.dart: ModedTerm ModedConstant nil constant[0m                                                                                                   00:00 [32m+89[0m[31m -11[0m: test/analysis/type_checker/guard_types_test.dart: Guard Type Checking Type Constraints number(X?) constrains X to Number[0m                                                                00:00 [32m+90[0m[31m -11[0m: test/analysis/type_checker/guard_types_test.dart: Guard Type Checking Type Constraints number(X?) constrains X to Number[0m                                                                00:00 [32m+91[0m[31m -11[0m: test/analysis/type_checker/guard_types_test.dart: Guard Type Checking Type Constraints number(X?) constrains X to Number[0m                                                                00:00 [32m+92[0m[31m -11[0m: test/analysis/type_checker/guard_types_test.dart: Guard Type Checking Type Constraints number(X?) constrains X to Number[0m                                                                00:00 [32m+93[0m[31m -11[0m: test/analysis/type_checker/guard_types_test.dart: Guard Type Checking Type Constraints number(X?) constrains X to Number[0m                                                                00:00 [32m+94[0m[31m -12[0m: test/analysis/type_checker/guard_types_test.dart: Guard Type Checking Type Constraints number(X?) constrains X to Number[0m                                                                00:00 [32m+95[0m[31m -12[0m: test/analysis/type_checker/guard_types_test.dart: Guard Type Checking Type Constraints number(X?) constrains X to Number[0m                                                                00:00 [32m+95[0m[31m -12[0m: test/analysis/type_checker/primitive_mode_test.dart: Primitive Mode Type Parsing System type prelude defines Output and Input [1m[31m[E][0m[0m                                                       
  Expected: not null
    Actual: <null>
  
  package:matcher                                           expect
  test/analysis/type_checker/primitive_mode_test.dart 46:7  main.<fn>.<fn>
  

[1m[36mTo run this test again:[0m /opt/homebrew/share/flutter/bin/cache/dart-sdk/bin/dart test test/analysis/type_checker/primitive_mode_test.dart -p vm --plain-name 'Primitive Mode Type Parsing System type prelude defines Output and Input'
00:00 [32m+96[0m[31m -12[0m: test/analysis/type_checker/guard_types_test.dart: Guard Type Checking Type Constraints number(X?) constrains X to Number[0m                                                                00:00 [32m+96[0m[31m -13[0m: test/analysis/type_checker/well_typed_clause_test.dart: WellTypedClause Clauses with Body Atoms NEGATIVE: clause with wrong modes in nested list [1m[31m[E][0m[0m                                    
  Expected: false
    Actual: <true>
  
  package:matcher                                               expect
  test/analysis/type_checker/well_typed_clause_test.dart 354:9  main.<fn>.<fn>.<fn>
  

[1m[36mTo run this test again:[0m /opt/homebrew/share/flutter/bin/cache/dart-sdk/bin/dart test test/analysis/type_checker/well_typed_clause_test.dart -p vm --plain-name 'WellTypedClause Clauses with Body Atoms NEGATIVE: clause with wrong modes in nested list'
00:00 [32m+97[0m[31m -13[0m: test/analysis/type_checker/guard_types_test.dart: Guard Type Checking Type Constraints number(X?) constrains X to Number[0m                                                                00:00 [32m+98[0m[31m -13[0m: test/analysis/type_checker/guard_types_test.dart: Guard Type Checking Type Constraints number(X?) constrains X to Number[0m                                                                00:00 [32m+99[0m[31m -13[0m: test/analysis/type_checker/guard_types_test.dart: Guard Type Checking Type Constraints number(X?) constrains X to Number[0m                                                                00:00 [32m+100[0m[31m -13[0m: test/analysis/type_checker/guard_types_test.dart: Guard Type Checking Type Constraints number(X?) constrains X to Number[0m                                                               00:00 [32m+101[0m[31m -13[0m: test/analysis/type_checker/guard_types_test.dart: Guard Type Checking Type Constraints number(X?) constrains X to Number[0m                                                               00:00 [32m+102[0m[31m -13[0m: test/analysis/type_checker/guard_types_test.dart: Guard Type Checking Type Constraints number(X?) constrains X to Number[0m                                                               00:00 [32m+103[0m[31m -13[0m: test/analysis/type_checker/guard_types_test.dart: Guard Type Checking Type Constraints number(X?) constrains X to Number[0m                                                               00:00 [32m+104[0m[31m -13[0m: test/analysis/type_checker/guard_types_test.dart: Guard Type Checking Type Constraints number(X?) constrains X to Number[0m                                                               00:00 [32m+105[0m[31m -13[0m: test/analysis/type_checker/guard_types_test.dart: Guard Type Checking Type Constraints number(X?) constrains X to Number[0m                                                               00:00 [32m+106[0m[31m -14[0m: test/analysis/type_checker/guard_types_test.dart: Guard Type Checking Type Constraints number(X?) constrains X to Number[0m                                                               00:00 [32m+106[0m[31m -14[0m: test/analysis/type_checker/well_typed_clause_test.dart: WellTypedClause Variable Complementarity NEGATIVE: X and X? at wrong positions in Pair [1m[31m[E][0m[0m                                     
  Expected: false
    Actual: <true>
  
  package:matcher                                               expect
  test/analysis/type_checker/well_typed_clause_test.dart 456:9  main.<fn>.<fn>.<fn>
  

[1m[36mTo run this test again:[0m /opt/homebrew/share/flutter/bin/cache/dart-sdk/bin/dart test test/analysis/type_checker/well_typed_clause_test.dart -p vm --plain-name 'WellTypedClause Variable Complementarity NEGATIVE: X and X? at wrong positions in Pair'
00:00 [32m+107[0m[31m -14[0m: test/analysis/type_checker/guard_types_test.dart: Guard Type Checking Type Constraints number(X?) constrains X to Number[0m                                                               00:00 [32m+108[0m[31m -14[0m: test/analysis/type_checker/guard_types_test.dart: Guard Type Checking Type Constraints number(X?) constrains X to Number[0m                                                               00:00 [32m+109[0m[31m -14[0m: test/analysis/type_checker/guard_types_test.dart: Guard Type Checking Type Constraints number(X?) constrains X to Number[0m                                                               00:00 [32m+110[0m[31m -14[0m: test/analysis/type_checker/guard_types_test.dart: Guard Type Checking Type Constraints number(X?) constrains X to Number[0m                                                               00:00 [32m+111[0m[31m -14[0m: test/analysis/type_checker/guard_types_test.dart: Guard Type Checking Type Constraints number(X?) constrains X to Number[0m                                                               00:00 [32m+112[0m[31m -14[0m: test/analysis/type_checker/guard_types_test.dart: Guard Type Checking Type Constraints number(X?) constrains X to Number[0m                                                               00:00 [32m+113[0m[31m -14[0m: test/analysis/type_checker/guard_types_test.dart: Guard Type Checking Type Constraints number(X?) constrains X to Number[0m                                                               00:00 [32m+114[0m[31m -14[0m: test/analysis/type_checker/guard_types_test.dart: Guard Type Checking Type Constraints number(X?) constrains X to Number[0m                                                               00:00 [32m+115[0m[31m -14[0m: test/analysis/type_checker/guard_types_test.dart: Guard Type Checking Type Constraints number(X?) constrains X to Number[0m                                                               00:00 [32m+116[0m[31m -14[0m: test/analysis/type_checker/guard_types_test.dart: Guard Type Checking Type Constraints number(X?) constrains X to Number[0m                                                               00:00 [32m+117[0m[31m -14[0m: test/analysis/type_checker/guard_types_test.dart: Guard Type Checking Type Constraints number(X?) constrains X to Number[0m                                                               00:00 [32m+118[0m[31m -14[0m: test/analysis/type_checker/guard_types_test.dart: Guard Type Checking Type Constraints number(X?) constrains X to Number[0m                                                               00:00 [32m+119[0m[31m -14[0m: test/analysis/type_checker/guard_types_test.dart: Guard Type Checking Type Constraints number(X?) constrains X to Number[0m                                                               00:00 [32m+120[0m[31m -14[0m: test/analysis/type_checker/guard_types_test.dart: Guard Type Checking Type Constraints number(X?) constrains X to Number[0m                                                               00:00 [32m+121[0m[31m -14[0m: test/analysis/type_checker/guard_types_test.dart: Guard Type Checking Type Constraints number(X?) constrains X to Number[0m                                                               00:00 [32m+122[0m[31m -14[0m: test/analysis/type_checker/guard_types_test.dart: Guard Type Checking Type Constraints number(X?) constrains X to Number[0m                                                               00:00 [32m+123[0m[31m -14[0m: test/analysis/type_checker/guard_types_test.dart: Guard Type Checking Type Constraints number(X?) constrains X to Number[0m                                                               00:00 [32m+124[0m[31m -14[0m: test/analysis/type_checker/guard_types_test.dart: Guard Type Checking Type Constraints number(X?) constrains X to Number[0m                                                               00:00 [32m+125[0m[31m -14[0m: test/analysis/type_checker/guard_types_test.dart: Guard Type Checking Type Constraints number(X?) constrains X to Number[0m                                                               00:00 [32m+126[0m[31m -14[0m: test/analysis/type_checker/guard_types_test.dart: Guard Type Checking Type Constraints number(X?) constrains X to Number[0m                                                               00:00 [32m+127[0m[31m -14[0m: test/analysis/type_checker/guard_types_test.dart: Guard Type Checking Type Constraints number(X?) constrains X to Number[0m                                                               00:00 [32m+128[0m[31m -14[0m: test/analysis/type_checker/guard_types_test.dart: Guard Type Checking Type Constraints number(X?) constrains X to Number[0m                                                               00:00 [32m+129[0m[31m -14[0m: test/analysis/type_checker/guard_types_test.dart: Guard Type Checking Type Constraints number(X?) constrains X to Number[0m                                                               00:00 [32m+130[0m[31m -14[0m: test/analysis/type_checker/guard_types_test.dart: Guard Type Checking Type Constraints number(X?) constrains X to Number[0m                                                               00:00 [32m+131[0m[31m -14[0m: test/analysis/type_checker/guard_types_test.dart: Guard Type Checking Type Constraints number(X?) constrains X to Number[0m                                                               00:00 [32m+132[0m[31m -14[0m: test/analysis/type_checker/guard_types_test.dart: Guard Type Checking Type Constraints number(X?) constrains X to Number[0m                                                               00:00 [32m+133[0m[31m -14[0m: test/analysis/type_checker/guard_types_test.dart: Guard Type Checking Type Constraints number(X?) constrains X to Number[0m                                                               00:00 [32m+134[0m[31m -14[0m: test/analysis/type_checker/guard_types_test.dart: Guard Type Checking Type Constraints number(X?) constrains X to Number[0m                                                               00:00 [32m+135[0m[31m -14[0m: test/analysis/type_checker/guard_types_test.dart: Guard Type Checking Type Constraints number(X?) constrains X to Number[0m                                                               00:00 [32m+136[0m[31m -14[0m: test/analysis/type_checker/guard_types_test.dart: Guard Type Checking Type Constraints number(X?) constrains X to Number[0m                                                               00:00 [32m+137[0m[31m -14[0m: test/analysis/type_checker/guard_types_test.dart: Guard Type Checking Type Constraints number(X?) constrains X to Number[0m                                                               00:00 [32m+138[0m[31m -14[0m: test/analysis/type_checker/guard_types_test.dart: Guard Type Checking Type Constraints number(X?) constrains X to Number[0m                                                               00:00 [32m+139[0m[31m -14[0m: test/analysis/type_checker/moded_term_test.dart: ModedTerm isConsumed returns false when any annotation is produce[0m                                                                     00:00 [32m+140[0m[31m -14[0m: test/analysis/type_checker/guard_types_test.dart: Guard Type Checking Type Constraints string(X?) constrains X to String[0m                                                               00:00 [32m+141[0m[31m -14[0m: test/analysis/type_checker/guard_types_test.dart: Guard Type Checking Type Constraints string(X?) constrains X to String[0m                                                               00:00 [32m+142[0m[31m -14[0m: test/analysis/type_checker/guard_types_test.dart: Guard Type Checking Type Constraints string(X?) constrains X to String[0m                                                               00:00 [32m+143[0m[31m -14[0m: test/analysis/type_checker/guard_types_test.dart: Guard Type Checking Type Constraints string(X?) constrains X to String[0m                                                               00:00 [32m+144[0m[31m -14[0m: test/analysis/type_checker/guard_types_test.dart: Guard Type Checking Type Constraints string(X?) constrains X to String[0m                                                               00:00 [32m+144[0m[31m -14[0m: test/analysis/type_checker/moded_term_test.dart: ModedTerm isProduced returns true for single produced variable (writer)[0m                                                               00:00 [32m+144[0m[31m -14[0m: test/analysis/type_checker/guard_types_test.dart: Guard Type Checking Type Constraints arithmetic guards constrain to Number[0m                                                           
  [33mSkip: Primitive complementarity checking compares state names instead of modes[0m
00:00 [32m+144[0m[33m ~1[0m[31m -14[0m: test/analysis/type_checker/moded_term_test.dart: ModedTerm isProduced returns true for single produced variable (writer)[0m                                                            00:00 [32m+145[0m[33m ~1[0m[31m -14[0m: test/analysis/type_checker/moded_term_test.dart: ModedTerm isProduced returns true for single produced variable (writer)[0m                                                            00:00 [32m+145[0m[33m ~1[0m[31m -14[0m: test/analysis/type_checker/guard_types_test.dart: Guard Type Checking Type Constraints guard inconsistent with head type fails[0m                                                      00:00 [32m+145[0m[33m ~1[0m[31m -14[0m: test/analysis/type_checker/guard_types_test.dart: Guard Type Checking Type Constraints guard inconsistent with head type fails[0m                                                      
  [33mSkip: Type intersection checking not yet implemented[0m
00:00 [32m+145[0m[33m ~2[0m[31m -14[0m: test/analysis/type_checker/guard_types_test.dart: Guard Type Checking Type Constraints guard inconsistent with head type fails[0m                                                      00:00 [32m+145[0m[33m ~2[0m[31m -14[0m: test/analysis/type_checker/moded_term_test.dart: ModedTerm isProduced returns false when any annotation is consume[0m                                                                  00:00 [32m+145[0m[33m ~2[0m[31m -14[0m: test/analysis/type_checker/guard_types_test.dart: Guard Type Checking Type Constraints number guard on non-number type fails[0m                                                        
  [33mSkip: Type intersection checking not yet implemented[0m
00:00 [32m+145[0m[33m ~3[0m[31m -14[0m: test/analysis/type_checker/moded_term_test.dart: ModedTerm isProduced returns false when any annotation is consume[0m                                                                  00:00 [32m+146[0m[33m ~3[0m[31m -14[0m: test/analysis/type_checker/guard_types_test.dart: Guard Type Checking Ground Guards ground(X?) allows multiple readers[0m                                                              00:00 [32m+147[0m[33m ~3[0m[31m -14[0m: test/analysis/type_checker/guard_types_test.dart: Guard Type Checking Ground Guards ground(X?) allows multiple readers[0m                                                              00:00 [32m+148[0m[33m ~3[0m[31m -14[0m: test/analysis/type_checker/moded_term_test.dart: ModedTerm isIO returns true for valid I/O term (paper example)[0m                                                                     00:00 [32m+149[0m[33m ~3[0m[31m -14[0m: test/analysis/type_checker/moded_term_test.dart: ModedTerm isIO returns true for valid I/O term (paper example)[0m                                                                     00:00 [32m+149[0m[33m ~3[0m[31m -14[0m: test/analysis/type_checker/guard_types_test.dart: Guard Type Checking Ground Guards number guard implies ground for multiple use[0m                                                    00:00 [32m+150[0m[33m ~3[0m[31m -14[0m: test/analysis/type_checker/guard_types_test.dart: Guard Type Checking Ground Guards number guard implies ground for multiple use[0m                                                    00:00 [32m+151[0m[33m ~3[0m[31m -14[0m: test/analysis/type_checker/guard_types_test.dart: Guard Type Checking Ground Guards number guard implies ground for multiple use[0m                                                    00:00 [32m+152[0m[33m ~3[0m[31m -14[0m: test/analysis/type_checker/guard_types_test.dart: Guard Type Checking Ground Guards number guard implies ground for multiple use[0m                                                    00:00 [32m+153[0m[33m ~3[0m[31m -14[0m: test/analysis/type_checker/moded_term_test.dart: ModedTerm isIO returns false for single produced constant[0m                                                                          00:00 [32m+153[0m[33m ~3[0m[31m -14[0m: test/analysis/type_checker/guard_types_test.dart: Guard Type Checking Ground Guards known(X?) does NOT imply ground[0m                                                                 
  [33mSkip: Mode coverage for known guard not yet implemented[0m
00:00 [32m+153[0m[33m ~4[0m[31m -14[0m: test/analysis/type_checker/moded_term_test.dart: ModedTerm isIO returns false for single produced constant[0m                                                                          00:00 [32m+153[0m[33m ~4[0m[31m -14[0m: test/analysis/type_checker/guard_types_test.dart: Guard Type Checking Ground Guards POSITIVE: ground on type without mode complementations[0m                                          
  [33mSkip: Body unification type checking not yet implemented for = with constant at consume position[0m
00:00 [32m+153[0m[33m ~5[0m[31m -14[0m: test/analysis/type_checker/moded_term_test.dart: ModedTerm isIO returns false for single produced constant[0m                                                                          00:00 [32m+153[0m[33m ~5[0m[31m -14[0m: test/analysis/type_checker/guard_types_test.dart: Guard Type Checking Ground Guards NEGATIVE: ground on type with mode complementations[0m                                             
  [33mSkip: Mode complementation detection in ground guard not yet implemented[0m
00:00 [32m+153[0m[33m ~6[0m[31m -14[0m: test/analysis/type_checker/moded_term_test.dart: ModedTerm isIO returns false for single produced constant[0m                                                                          00:00 [32m+154[0m[33m ~6[0m[31m -14[0m: test/analysis/type_checker/moded_term_test.dart: ModedTerm isIO returns false for single produced constant[0m                                                                          00:00 [32m+154[0m[33m ~6[0m[31m -14[0m: test/analysis/type_checker/guard_types_test.dart: Guard Type Checking Ground Guards POSITIVE: ground on Nat (no mode complementations)[0m                                              00:00 [32m+154[0m[33m ~6[0m[31m -14[0m: test/analysis/type_checker/guard_types_test.dart: Guard Type Checking Ground Guards POSITIVE: ground on Nat (no mode complementations)[0m                                              
  [33mSkip: Primitive complementarity checking compares state names instead of modes[0m
00:00 [32m+154[0m[33m ~7[0m[31m -14[0m: test/analysis/type_checker/guard_types_test.dart: Guard Type Checking Ground Guards POSITIVE: ground on Nat (no mode complementations)[0m                                              00:00 [32m+154[0m[33m ~7[0m[31m -14[0m: test/analysis/type_checker/moded_term_test.dart: ModedTerm isIO returns true for single consumed constant[0m                                                                           00:00 [32m+155[0m[33m ~7[0m[31m -14[0m: test/analysis/type_checker/guard_types_test.dart: Guard Type Checking Ground Guards NEGATIVE: ground on Channel (has mode complementations)[0m                                         00:00 [32m+156[0m[33m ~7[0m[31m -14[0m: test/analysis/type_checker/guard_types_test.dart: Guard Type Checking Ground Guards NEGATIVE: ground on Channel (has mode complementations)[0m                                         00:00 [32m+157[0m[33m ~7[0m[31m -14[0m: test/analysis/type_checker/guard_types_test.dart: Guard Type Checking Ground Guards NEGATIVE: ground on Channel (has mode complementations)[0m                                         00:00 [32m+157[0m[33m ~7[0m[31m -15[0m: [1m[90mloading test/analysis/type_checker/nested_any_coverage_test.dart[0m [1m[31m[E][0m[0m                                                                                                                
  [31mFailed to load "test/analysis/type_checker/nested_any_coverage_test.dart":[0m
  test/analysis/type_checker/nested_any_coverage_test.dart:7:8: Error: Error when reading 'lib/analysis/type_checker/mode_checker.dart': No such file or directory
  import 'package:glp_runtime/analysis/type_checker/mode_checker.dart';
         ^
  test/analysis/type_checker/nested_any_coverage_test.dart:39:23: Error: Method not found: 'ModeChecker'.
        final checker = ModeChecker(typeEnv);
                        ^^^^^^^^^^^
  test/analysis/type_checker/nested_any_coverage_test.dart:72:23: Error: Method not found: 'ModeChecker'.
        final checker = ModeChecker(typeEnv);
                        ^^^^^^^^^^^
  test/analysis/type_checker/nested_any_coverage_test.dart:104:23: Error: Method not found: 'ModeChecker'.
        final checker = ModeChecker(typeEnv);
                        ^^^^^^^^^^^

[1m[36mTo run this test again:[0m /opt/homebrew/share/flutter/bin/cache/dart-sdk/bin/dart test test/analysis/type_checker/nested_any_coverage_test.dart -p vm --plain-name 'loading test/analysis/type_checker/nested_any_coverage_test.dart'
00:00 [32m+157[0m[33m ~7[0m[31m -16[0m: test/analysis/type_checker/guard_types_test.dart: Guard Type Checking Ground Guards NEGATIVE: ground on Channel (has mode complementations) [1m[31m[E][0m[0m                                     
  Expected: non-empty
    Actual: []
  MyChannel has mode complementation (MyStream?)
  
  package:matcher                                         expect
  test/analysis/type_checker/guard_types_test.dart 150:9  main.<fn>.<fn>.<fn>
  

[1m[36mTo run this test again:[0m /opt/homebrew/share/flutter/bin/cache/dart-sdk/bin/dart test test/analysis/type_checker/guard_types_test.dart -p vm --plain-name 'Guard Type Checking Ground Guards NEGATIVE: ground on Channel (has mode complementations)'
00:00 [32m+157[0m[33m ~7[0m[31m -16[0m: test/analysis/type_checker/guard_types_test.dart: Guard Type Checking Input Argument Errors NEGATIVE: type mismatch at input position[0m                                               00:00 [32m+158[0m[33m ~7[0m[31m -16[0m: test/analysis/type_checker/guard_types_test.dart: Guard Type Checking Input Argument Errors NEGATIVE: type mismatch at input position[0m                                               00:00 [32m+158[0m[33m ~7[0m[31m -16[0m: test/analysis/type_checker/guard_types_test.dart: Guard Type Checking Input Argument Errors NEGATIVE: constructor mismatch at input position[0m                                        00:00 [32m+159[0m[33m ~7[0m[31m -16[0m: test/analysis/type_checker/guard_types_test.dart: Guard Type Checking Input Argument Errors NEGATIVE: constructor mismatch at input position[0m                                        00:00 [32m+159[0m[33m ~7[0m[31m -16[0m: test/analysis/type_checker/guard_types_test.dart: Guard Type Checking Input Argument Errors NEGATIVE: mode mismatch at input position (reader where writer expected)[0m                00:00 [32m+159[0m[33m ~7[0m[31m -17[0m: test/analysis/type_checker/guard_types_test.dart: Guard Type Checking Input Argument Errors NEGATIVE: mode mismatch at input position (reader where writer expected) [1m[31m[E][0m[0m            
  Expected: non-empty
    Actual: []
  Reader X? at InputOnly? position: after complementation expects writer
  
  package:matcher                                         expect
  test/analysis/type_checker/guard_types_test.dart 194:9  main.<fn>.<fn>.<fn>
  

[1m[36mTo run this test again:[0m /opt/homebrew/share/flutter/bin/cache/dart-sdk/bin/dart test test/analysis/type_checker/guard_types_test.dart -p vm --plain-name 'Guard Type Checking Input Argument Errors NEGATIVE: mode mismatch at input position (reader where writer expected)'
00:00 [32m+159[0m[33m ~7[0m[31m -17[0m: test/analysis/type_checker/guard_types_test.dart: Guard Type Checking Input Argument Errors POSITIVE: correct pattern at input position[0m                                             00:00 [32m+160[0m[33m ~7[0m[31m -17[0m: test/analysis/type_checker/guard_types_test.dart: Guard Type Checking Input Argument Errors POSITIVE: correct pattern at input position[0m                                             00:00 [32m+160[0m[33m ~7[0m[31m -17[0m: test/analysis/type_checker/guard_types_test.dart: Guard Type Checking Input Argument Errors POSITIVE: variable at input position accepts all[0m                                        00:00 [32m+161[0m[33m ~7[0m[31m -17[0m: test/analysis/type_checker/guard_types_test.dart: Guard Type Checking Input Argument Errors POSITIVE: variable at input position accepts all[0m                                        00:00 [32m+161[0m[33m ~7[0m[31m -17[0m: test/analysis/type_checker/guard_types_test.dart: Guard Type Checking Defined Guards defined guard constrains type[0m                                                                  00:00 [32m+161[0m[33m ~7[0m[31m -17[0m: test/analysis/type_checker/guard_types_test.dart: Guard Type Checking Defined Guards defined guard constrains type[0m                                                                  
  [33mSkip: Defined guard type constraint propagation not yet implemented[0m
00:00 [32m+161[0m[33m ~8[0m[31m -17[0m: test/analysis/type_checker/guard_types_test.dart: Guard Type Checking Defined Guards defined guard constrains type[0m                                                                  00:00 [32m+161[0m[33m ~8[0m[31m -17[0m: [1m[90mloading test/analysis/type_checker/type_checker_new_test.dart[0m[0m                                                                                                                       00:00 [32m+161[0m[33m ~8[0m[31m -17[0m: test/analysis/type_checker/type_checker_new_test.dart: TypeChecker (New Implementation) Well-Typed Programs identity procedure[0m                                                      00:00 [32m+161[0m[33m ~8[0m[31m -17[0m: test/analysis/type_checker/type_checker_new_test.dart: TypeChecker (New Implementation) Well-Typed Programs identity procedure[0m                                                      
  [33mSkip: Primitive complementarity checking not yet implemented - compares state names instead of modes[0m
00:00 [32m+161[0m[33m ~9[0m[31m -17[0m: test/analysis/type_checker/type_checker_new_test.dart: TypeChecker (New Implementation) Well-Typed Programs identity procedure[0m                                                      00:00 [32m+161[0m[33m ~9[0m[31m -17[0m: test/analysis/type_checker/type_checker_new_test.dart: TypeChecker (New Implementation) Well-Typed Programs simple list append[0m                                                      00:00 [32m+161[0m[33m ~9[0m[31m -17[0m: test/analysis/type_checker/defined_guards_test.dart: Defined Guards POSITIVE: Defined guard with procedure declaration[0m                                                              
  [33mSkip: Defined guard type checking not yet implemented[0m
00:00 [32m+161[0m[33m ~10[0m[31m -17[0m: test/analysis/type_checker/type_checker_new_test.dart: TypeChecker (New Implementation) Well-Typed Programs simple list append[0m                                                     00:00 [32m+162[0m[33m ~10[0m[31m -18[0m: test/analysis/type_checker/system_types_test.dart: System Types List POSITIVE: Complete list procedure passes[0m                                                                      00:00 [32m+163[0m[33m ~10[0m[31m -18[0m: test/analysis/type_checker/system_types_test.dart: System Types List POSITIVE: Complete list procedure passes[0m                                                                      00:00 [32m+163[0m[33m ~10[0m[31m -18[0m: test/analysis/type_checker/type_checker_new_test.dart: TypeChecker (New Implementation) Well-Typed Programs Nat successor[0m                                                          
  [33mSkip: Complementarity checking for = with _UNIVERSAL_ type not yet implemented[0m
00:00 [32m+163[0m[33m ~11[0m[31m -18[0m: test/analysis/type_checker/system_types_test.dart: System Types List POSITIVE: Complete list procedure passes[0m                                                                      00:00 [32m+164[0m[33m ~11[0m[31m -18[0m: test/analysis/type_checker/system_types_test.dart: System Types List POSITIVE: Complete list procedure passes[0m                                                                      00:00 [32m+164[0m[33m ~11[0m[31m -18[0m: test/analysis/type_checker/defined_guards_test.dart: Defined Guards NEGATIVE: Defined guard without declaration fails [1m[31m[E][0m[0m                                                          
  [syntax] Expected predicate name at Line 3, Column 9
  package:glp_runtime/compiler/parser.dart 1056:5                     Parser._consume
  package:glp_runtime/compiler/parser.dart 561:26                     Parser._parseAtom
  package:glp_runtime/compiler/parser.dart 289:18                     Parser._parseClause
  package:glp_runtime/compiler/parser.dart 222:21                     Parser._parseProcedure
  package:glp_runtime/compiler/parser.dart 110:22                     Parser.parseModule
  package:glp_runtime/analysis/type_checker/type_checker.dart 596:25  checkSource
  test/analysis/type_checker/test_helpers.dart 12:10                  checkTypes
  test/analysis/type_checker/defined_guards_test.dart 28:22           main.<fn>.<fn>
  
00:00 [32m+165[0m[33m ~11[0m[31m -18[0m: test/analysis/type_checker/system_types_test.dart: System Types List POSITIVE: Complete list procedure passes[0m                                                                      
[1m[36mTo run this test again:[0m /opt/homebrew/share/flutter/bin/cache/dart-sdk/bin/dart test test/analysis/type_checker/defined_guards_test.dart -p vm --plain-name 'Defined Guards NEGATIVE: Defined guard without declaration fails'
00:00 [32m+165[0m[33m ~11[0m[31m -18[0m: test/analysis/type_checker/defined_guards_test.dart: Defined Guards POSITIVE: Defined guard constrains type[0m                                                                        
  [33mSkip: Defined guard type checking not yet implemented[0m
00:00 [32m+165[0m[33m ~12[0m[31m -18[0m: test/analysis/type_checker/system_types_test.dart: System Types List POSITIVE: Complete list procedure passes[0m                                                                      00:00 [32m+166[0m[33m ~12[0m[31m -18[0m: test/analysis/type_checker/system_types_test.dart: System Types List POSITIVE: Complete list procedure passes[0m                                                                      00:00 [32m+167[0m[33m ~12[0m[31m -18[0m: test/analysis/type_checker/system_types_test.dart: System Types List POSITIVE: Complete list procedure passes[0m                                                                      00:00 [32m+167[0m[33m ~12[0m[31m -18[0m: test/analysis/type_checker/type_checker_new_test.dart: TypeChecker (New Implementation) Covariance Failures wrong type in body atom[0m                                                
  [33mSkip: Type checking through = not yet implemented - does not propagate type constraints[0m
00:00 [32m+167[0m[33m ~13[0m[31m -18[0m: test/analysis/type_checker/system_types_test.dart: System Types List POSITIVE: Complete list procedure passes[0m                                                                      00:00 [32m+168[0m[33m ~13[0m[31m -18[0m: test/analysis/type_checker/system_types_test.dart: System Types List POSITIVE: Complete list procedure passes[0m                                                                      00:00 [32m+169[0m[33m ~13[0m[31m -18[0m: test/analysis/type_checker/system_types_test.dart: System Types List POSITIVE: Complete list procedure passes[0m                                                                      00:00 [32m+170[0m[33m ~13[0m[31m -18[0m: test/analysis/type_checker/type_checker_new_test.dart: TypeChecker (New Implementation) Contravariance Failures missing zero case for Nat[0m                                          00:00 [32m+171[0m[33m ~13[0m[31m -18[0m: test/analysis/type_checker/primitive_state_modes_test.dart: Primitive State Modes List with _ head has wildcard state for head position[0m                                            00:00 [32m+172[0m[33m ~13[0m[31m -18[0m: test/analysis/type_checker/primitive_state_modes_test.dart: Primitive State Modes List with _ head has wildcard state for head position[0m                                            00:00 [32m+173[0m[33m ~13[0m[31m -18[0m: test/analysis/type_checker/primitive_state_modes_test.dart: Primitive State Modes List with _ head has wildcard state for head position[0m                                            00:00 [32m+174[0m[33m ~13[0m[31m -18[0m: test/analysis/type_checker/primitive_state_modes_test.dart: Primitive State Modes List with _ head has wildcard state for head position[0m                                            00:00 [32m+175[0m[33m ~13[0m[31m -18[0m: test/analysis/type_checker/primitive_state_modes_test.dart: Primitive State Modes List with _ head has wildcard state for head position[0m                                            00:00 [32m+176[0m[33m ~13[0m[31m -18[0m: test/analysis/type_checker/primitive_state_modes_test.dart: Primitive State Modes List with _ head has wildcard state for head position[0m                                            00:00 [32m+177[0m[33m ~13[0m[31m -18[0m: test/analysis/type_checker/primitive_state_modes_test.dart: Primitive State Modes List with _ head has wildcard state for head position[0m                                            00:00 [32m+178[0m[33m ~13[0m[31m -18[0m: test/analysis/type_checker/primitive_state_modes_test.dart: Primitive State Modes List with _ head has wildcard state for head position[0m                                            00:00 [32m+178[0m[33m ~13[0m[31m -18[0m: test/analysis/type_checker/system_types_test.dart: System Types InvStream POSITIVE: InvStream with reader elements[0m                                                                 
  [33mSkip: Nested type mode handling not yet implemented for _? elements in list types[0m
00:00 [32m+178[0m[33m ~14[0m[31m -18[0m: test/analysis/type_checker/primitive_state_modes_test.dart: Primitive State Modes List with _ head has wildcard state for head position[0m                                            00:00 [32m+178[0m[33m ~14[0m[31m -18[0m: test/analysis/type_checker/system_types_test.dart: System Types InvStream NEGATIVE: InvStream with wrong element mode fails[0m                                                        
  [33mSkip: Nested type mode handling not yet implemented for _? elements in list types[0m
00:00 [32m+178[0m[33m ~15[0m[31m -18[0m: test/analysis/type_checker/primitive_state_modes_test.dart: Primitive State Modes List with _ head has wildcard state for head position[0m                                            00:00 [32m+179[0m[33m ~15[0m[31m -18[0m: test/analysis/type_checker/primitive_state_modes_test.dart: Primitive State Modes List with _ head has wildcard state for head position[0m                                            00:00 [32m+180[0m[33m ~15[0m[31m -18[0m: test/analysis/type_checker/primitive_state_modes_test.dart: Primitive State Modes List with _ head has wildcard state for head position[0m                                            00:00 [32m+181[0m[33m ~15[0m[31m -18[0m: test/analysis/type_checker/primitive_state_modes_test.dart: Primitive State Modes List with _ head has wildcard state for head position[0m                                            00:00 [32m+182[0m[33m ~15[0m[31m -18[0m: test/analysis/type_checker/primitive_state_modes_test.dart: Primitive State Modes List with _ head has wildcard state for head position[0m                                            00:00 [32m+183[0m[33m ~15[0m[31m -18[0m: test/analysis/type_checker/type_checker_new_test.dart: TypeChecker (New Implementation) Multiple Input Arguments both arguments covered[0m                                            00:00 [32m+184[0m[33m ~15[0m[31m -18[0m: test/analysis/type_checker/primitive_state_modes_test.dart: Primitive State Modes List with _? head has wildcard state for head position[0m                                           00:00 [32m+185[0m[33m ~15[0m[31m -18[0m: test/analysis/type_checker/primitive_state_modes_test.dart: Primitive State Modes List with _? head has wildcard state for head position[0m                                           00:00 [32m+186[0m[33m ~15[0m[31m -18[0m: test/analysis/type_checker/type_checker_new_test.dart: TypeChecker (New Implementation) Edge Cases empty program[0m                                                                   00:00 [32m+187[0m[33m ~15[0m[31m -18[0m: test/analysis/type_checker/primitive_state_modes_test.dart: Mode Checking at Primitive Positions - POSITIVE reader variable at _ (output) position: accepted[0m                       00:00 [32m+188[0m[33m ~15[0m[31m -18[0m: test/analysis/type_checker/primitive_state_modes_test.dart: Mode Checking at Primitive Positions - POSITIVE reader variable at _ (output) position: accepted[0m                       00:00 [32m+189[0m[33m ~15[0m[31m -18[0m: test/analysis/type_checker/primitive_state_modes_test.dart: Mode Checking at Primitive Positions - POSITIVE reader variable at _ (output) position: accepted[0m                       00:00 [32m+189[0m[33m ~15[0m[31m -18[0m: test/analysis/type_checker/primitive_state_modes_test.dart: Mode Checking at Primitive Positions - POSITIVE writer variable at _? (input) position: accepted[0m                       00:00 [32m+190[0m[33m ~15[0m[31m -18[0m: test/analysis/type_checker/primitive_state_modes_test.dart: Mode Checking at Primitive Positions - POSITIVE writer variable at _? (input) position: accepted[0m                       00:00 [32m+190[0m[33m ~15[0m[31m -18[0m: test/analysis/type_checker/primitive_state_modes_test.dart: Mode Checking at Primitive Positions - POSITIVE _ accepts reader (single-mode, no coverage requirement)[0m                00:00 [32m+191[0m[33m ~15[0m[31m -18[0m: test/analysis/type_checker/primitive_state_modes_test.dart: Mode Checking at Primitive Positions - POSITIVE _ accepts reader (single-mode, no coverage requirement)[0m                00:00 [32m+191[0m[33m ~15[0m[31m -18[0m: test/analysis/type_checker/primitive_state_modes_test.dart: Mode Checking at Primitive Positions - POSITIVE _? accepts writer (single-mode, no coverage requirement)[0m               00:00 [32m+192[0m[33m ~15[0m[31m -18[0m: test/analysis/type_checker/primitive_state_modes_test.dart: Mode Checking at Primitive Positions - POSITIVE _? accepts writer (single-mode, no coverage requirement)[0m               00:00 [32m+192[0m[33m ~15[0m[31m -18[0m: test/analysis/type_checker/primitive_state_modes_test.dart: Mode Checking at Primitive Positions - NEGATIVE writer variable at _ (output) position: REJECTED[0m                       00:00 [32m+192[0m[33m ~15[0m[31m -19[0m: [1m[90mloading test/analysis/type_checker/predefined_operations_test.dart[0m[0m                                                                                                                 00:00 [32m+192[0m[33m ~15[0m[31m -19[0m: test/analysis/type_checker/predefined_operations_test.dart: Predefined Operations Primitive Types POSITIVE: Output position with reader (after flip)[0m                               00:00 [32m+192[0m[33m ~15[0m[31m -19[0m: test/analysis/type_checker/primitive_state_modes_test.dart: Mode Checking at Primitive Positions - NEGATIVE writer variable at _ (output) position: REJECTED [1m[31m[E][0m[0m                   
  Expected: non-empty
    Actual: []
  Writer X at output position _ should be rejected
  
  package:matcher                                                  expect
  test/analysis/type_checker/primitive_state_modes_test.dart 97:7  main.<fn>.<fn>
  

[1m[36mTo run this test again:[0m /opt/homebrew/share/flutter/bin/cache/dart-sdk/bin/dart test test/analysis/type_checker/primitive_state_modes_test.dart -p vm --plain-name 'Mode Checking at Primitive Positions - NEGATIVE writer variable at _ (output) position: REJECTED'
00:00 [32m+192[0m[33m ~15[0m[31m -20[0m: test/analysis/type_checker/primitive_state_modes_test.dart: Mode Checking at Primitive Positions - NEGATIVE reader variable at _? (input) position: REJECTED [1m[31m[E][0m[0m                   
  Expected: non-empty
    Actual: []
  Reader X? at input position _? should be rejected
  
  package:matcher                                                   expect
  test/analysis/type_checker/primitive_state_modes_test.dart 109:7  main.<fn>.<fn>
  

[1m[36mTo run this test again:[0m /opt/homebrew/share/flutter/bin/cache/dart-sdk/bin/dart test test/analysis/type_checker/primitive_state_modes_test.dart -p vm --plain-name 'Mode Checking at Primitive Positions - NEGATIVE reader variable at _? (input) position: REJECTED'
00:00 [32m+192[0m[33m ~15[0m[31m -20[0m: test/analysis/type_checker/predefined_operations_test.dart: Predefined Operations Primitive Types POSITIVE: Output position with reader (after flip)[0m                               00:00 [32m+193[0m[33m ~15[0m[31m -20[0m: test/analysis/type_checker/predefined_operations_test.dart: Predefined Operations Primitive Types POSITIVE: Output position with reader (after flip)[0m                               00:00 [32m+194[0m[33m ~15[0m[31m -20[0m: test/analysis/type_checker/predefined_operations_test.dart: Predefined Operations Primitive Types POSITIVE: Output position with reader (after flip)[0m                               00:00 [32m+195[0m[33m ~15[0m[31m -20[0m: test/analysis/type_checker/predefined_operations_test.dart: Predefined Operations Primitive Types POSITIVE: Output position with reader (after flip)[0m                               00:00 [32m+196[0m[33m ~15[0m[31m -20[0m: test/analysis/type_checker/debug_single_mode_test.dart: DEBUG: new_channel[0m                                                                                                         00:00 [32m+197[0m[33m ~15[0m[31m -20[0m: test/analysis/type_checker/debug_single_mode_test.dart: DEBUG: new_channel[0m                                                                                                         00:00 [32m+198[0m[33m ~15[0m[31m -20[0m: test/analysis/type_checker/debug_single_mode_test.dart: DEBUG: new_channel[0m                                                                                                         00:00 [32m+199[0m[33m ~15[0m[31m -20[0m: test/analysis/type_checker/debug_single_mode_test.dart: DEBUG: new_channel[0m                                                                                                         00:00 [32m+200[0m[33m ~15[0m[31m -20[0m: test/analysis/type_checker/debug_single_mode_test.dart: DEBUG: new_channel[0m                                                                                                         00:00 [32m+201[0m[33m ~15[0m[31m -20[0m: test/analysis/type_checker/debug_single_mode_test.dart: DEBUG: new_channel[0m                                                                                                         00:00 [32m+202[0m[33m ~15[0m[31m -20[0m: test/analysis/type_checker/debug_single_mode_test.dart: DEBUG: new_channel[0m                                                                                                         00:00 [32m+203[0m[33m ~15[0m[31m -20[0m: test/analysis/type_checker/debug_single_mode_test.dart: DEBUG: new_channel[0m                                                                                                         00:00 [32m+204[0m[33m ~15[0m[31m -20[0m: test/analysis/type_checker/debug_single_mode_test.dart: DEBUG: new_channel[0m                                                                                                         00:00 [32m+204[0m[33m ~15[0m[31m -20[0m: test/analysis/type_checker/debug_single_mode_test.dart: DEBUG: new_channel[0m                                                                                                         
isWellTyped: true
Errors (0):
00:00 [32m+205[0m[33m ~15[0m[31m -20[0m: test/analysis/type_checker/well_typed_term_test.dart: WellTypedTerm Basic Variable Checks writer at produce position (_) is well-typed[0m                                             00:00 [32m+206[0m[33m ~15[0m[31m -20[0m: test/analysis/type_checker/well_typed_term_test.dart: WellTypedTerm Basic Variable Checks writer at produce position (_) is well-typed[0m                                             00:00 [32m+207[0m[33m ~15[0m[31m -20[0m: test/analysis/type_checker/predefined_operations_test.dart: Predefined Operations DiffList POSITIVE: dl_to_list is well-moded[0m                                                      00:00 [32m+208[0m[33m ~15[0m[31m -20[0m: test/analysis/type_checker/predefined_operations_test.dart: Predefined Operations DiffList POSITIVE: dl_to_list is well-moded[0m                                                      00:00 [32m+208[0m[33m ~15[0m[31m -20[0m: test/analysis/type_checker/well_typed_term_test.dart: WellTypedTerm Basic Variable Checks reader at consume position (_?) is well-typed[0m                                            00:00 [32m+209[0m[33m ~15[0m[31m -20[0m: test/analysis/type_checker/predefined_operations_test.dart: Predefined Operations DiffList NEGATIVE: dl_append with wrong modes fails[0m                                              00:00 [32m+210[0m[33m ~15[0m[31m -20[0m: test/analysis/type_checker/predefined_operations_test.dart: Predefined Operations DiffList NEGATIVE: dl_append with wrong modes fails[0m                                              00:00 [32m+211[0m[33m ~15[0m[31m -20[0m: test/analysis/type_checker/predefined_operations_test.dart: Predefined Operations DiffList NEGATIVE: dl_append with wrong modes fails[0m                                              00:00 [32m+212[0m[33m ~15[0m[31m -21[0m: test/analysis/type_checker/well_typed_term_test.dart: WellTypedTerm Mode Correspondence Property POSITIVE: writer with produce mode is well-typed (at _ state)[0m                     00:00 [32m+212[0m[33m ~15[0m[31m -21[0m: test/analysis/type_checker/well_typed_term_test.dart: WellTypedTerm Mode Correspondence Property POSITIVE: writer with produce mode is well-typed (at _? state)[0m                    00:00 [32m+213[0m[33m ~15[0m[31m -21[0m: test/analysis/type_checker/well_typed_term_test.dart: WellTypedTerm Mode Correspondence Property POSITIVE: writer with produce mode is well-typed (at _? state)[0m                    00:00 [32m+213[0m[33m ~15[0m[31m -21[0m: test/analysis/type_checker/well_typed_term_test.dart: WellTypedTerm Mode Correspondence Property NEGATIVE: writer with consume mode is NOT well-typed[0m                              00:00 [32m+214[0m[33m ~15[0m[31m -21[0m: test/analysis/type_checker/well_typed_term_test.dart: WellTypedTerm Mode Correspondence Property NEGATIVE: writer with consume mode is NOT well-typed[0m                              00:00 [32m+214[0m[33m ~15[0m[31m -21[0m: test/analysis/type_checker/well_typed_term_test.dart: WellTypedTerm Mode Correspondence Property POSITIVE: reader with consume mode is well-typed (at _? state)[0m                    00:00 [32m+215[0m[33m ~15[0m[31m -21[0m: test/analysis/type_checker/well_typed_term_test.dart: WellTypedTerm Mode Correspondence Property POSITIVE: reader with consume mode is well-typed (at _? state)[0m                    00:00 [32m+215[0m[33m ~15[0m[31m -21[0m: test/analysis/type_checker/well_typed_term_test.dart: WellTypedTerm Mode Correspondence Property POSITIVE: reader with consume mode is well-typed (at _ state)[0m                     00:00 [32m+216[0m[33m ~15[0m[31m -21[0m: test/analysis/type_checker/well_typed_term_test.dart: WellTypedTerm Mode Correspondence Property POSITIVE: reader with consume mode is well-typed (at _ state)[0m                     00:00 [32m+216[0m[33m ~15[0m[31m -21[0m: test/analysis/type_checker/well_typed_term_test.dart: WellTypedTerm Mode Correspondence Property NEGATIVE: reader with produce mode is NOT well-typed[0m                              00:00 [32m+217[0m[33m ~15[0m[31m -21[0m: test/analysis/type_checker/well_typed_term_test.dart: WellTypedTerm Mode Correspondence Property NEGATIVE: reader with produce mode is NOT well-typed[0m                              00:00 [32m+217[0m[33m ~15[0m[31m -21[0m: test/analysis/type_checker/well_typed_term_test.dart: WellTypedTerm Mode Correspondence Property NEGATIVE: reader at stream head (produce position) is NOT well-typed[0m              00:00 [32m+218[0m[33m ~15[0m[31m -21[0m: test/analysis/type_checker/well_typed_term_test.dart: WellTypedTerm Mode Correspondence Property NEGATIVE: reader at stream head (produce position) is NOT well-typed[0m              00:00 [32m+218[0m[33m ~15[0m[31m -21[0m: test/analysis/type_checker/well_typed_term_test.dart: WellTypedTerm List Structure Checks nil at Stream position is well-typed[0m                                                     00:00 [32m+219[0m[33m ~15[0m[31m -21[0m: test/analysis/type_checker/well_typed_term_test.dart: WellTypedTerm List Structure Checks nil at Stream position is well-typed[0m                                                     00:00 [32m+219[0m[33m ~15[0m[31m -21[0m: test/analysis/type_checker/well_typed_term_test.dart: WellTypedTerm List Structure Checks cons with writer head at Stream position[0m                                                 00:00 [32m+220[0m[33m ~15[0m[31m -21[0m: test/analysis/type_checker/well_typed_term_test.dart: WellTypedTerm List Structure Checks cons with writer head at Stream position[0m                                                 00:00 [32m+220[0m[33m ~15[0m[31m -21[0m: test/analysis/type_checker/well_typed_term_test.dart: WellTypedTerm Variable Complementarity X and X? at complementary positions in Pair are well-typed[0m                            00:00 [32m+221[0m[33m ~15[0m[31m -21[0m: test/analysis/type_checker/well_typed_term_test.dart: WellTypedTerm Variable Complementarity X and X? at complementary positions in Pair are well-typed[0m                            00:00 [32m+221[0m[33m ~15[0m[31m -21[0m: test/analysis/type_checker/well_typed_term_test.dart: WellTypedTerm Variable Complementarity NEGATIVE: X and X? at wrong positions in Pair[0m                                         00:00 [32m+222[0m[33m ~15[0m[31m -21[0m: test/analysis/type_checker/well_typed_term_test.dart: WellTypedTerm Variable Complementarity NEGATIVE: X and X? at wrong positions in Pair[0m                                         00:00 [32m+222[0m[33m ~15[0m[31m -21[0m: test/analysis/type_checker/well_typed_term_test.dart: WellTypedTerm checkPathAgainstAutomaton single-step reader variable path at _? state[0m                                         00:00 [32m+223[0m[33m ~15[0m[31m -21[0m: test/analysis/type_checker/well_typed_term_test.dart: WellTypedTerm checkPathAgainstAutomaton single-step reader variable path at _? state[0m                                         00:00 [32m+223[0m[33m ~15[0m[31m -21[0m: test/analysis/type_checker/well_typed_term_test.dart: WellTypedTerm checkPathAgainstAutomaton single-step writer variable path at _ state[0m                                          00:00 [32m+224[0m[33m ~15[0m[31m -21[0m: test/analysis/type_checker/well_typed_term_test.dart: WellTypedTerm checkPathAgainstAutomaton single-step writer variable path at _ state[0m                                          00:00 [32m+224[0m[33m ~15[0m[31m -21[0m: test/analysis/type_checker/well_typed_term_test.dart: WellTypedTerm checkPathAgainstAutomaton two-step path through Stream structure[0m                                               00:00 [32m+225[0m[33m ~15[0m[31m -21[0m: test/analysis/type_checker/well_typed_term_test.dart: WellTypedTerm checkPathAgainstAutomaton two-step path through Stream structure[0m                                               00:00 [32m+225[0m[33m ~15[0m[31m -21[0m: test/analysis/type_checker/well_typed_term_test.dart: WellTypedTerm checkPathAgainstAutomaton NEGATIVE: invalid path - no transition[0m                                               00:00 [32m+226[0m[33m ~15[0m[31m -21[0m: test/analysis/type_checker/well_typed_term_test.dart: WellTypedTerm checkPathAgainstAutomaton NEGATIVE: invalid path - no transition[0m                                               00:00 [32m+226[0m[33m ~15[0m[31m -21[0m: test/analysis/type_checker/well_typed_term_test.dart: WellTypedTerm VariableTypeInfo equality based on state, mode, and reader status[0m                                              00:00 [32m+226[0m[33m ~15[0m[31m -21[0m: test/analysis/type_checker/predefined_operations_test.dart: Predefined Operations DiffList NEGATIVE: dl_append with wrong modes fails [1m[31m[E][0m[0m                                          
  Expected: false
    Actual: <true>
  Modes are inverted incorrectly
  
  package:matcher                                                   expect
  test/analysis/type_checker/predefined_operations_test.dart 105:9  main.<fn>.<fn>.<fn>
  

[1m[36mTo run this test again:[0m /opt/homebrew/share/flutter/bin/cache/dart-sdk/bin/dart test test/analysis/type_checker/predefined_operations_test.dart -p vm --plain-name 'Predefined Operations DiffList NEGATIVE: dl_append with wrong modes fails'
00:00 [32m+226[0m[33m ~15[0m[31m -21[0m: test/analysis/type_checker/predefined_operations_test.dart: Predefined Operations DiffList POSITIVE: dl_append demonstrates O(1) concatenation[0m                                     
  [33mSkip: Depends on undefined dl1/dl2 procedures - test needs to be self-contained[0m
00:00 [32m+226[0m[33m ~16[0m[31m -21[0m: test/analysis/type_checker/well_typed_term_test.dart: WellTypedTerm VariableTypeInfo equality based on state, mode, and reader status[0m                                              00:00 [32m+226[0m[33m ~16[0m[31m -21[0m: test/analysis/type_checker/predefined_operations_test.dart: Predefined Operations Channel POSITIVE: new_channel is well-moded[0m                                                      
  [33mSkip: Nested type mode handling not yet implemented for compound types like ch(MyList?, MyList)[0m
00:00 [32m+226[0m[33m ~17[0m[31m -21[0m: test/analysis/type_checker/well_typed_term_test.dart: WellTypedTerm VariableTypeInfo equality based on state, mode, and reader status[0m                                              00:00 [32m+226[0m[33m ~17[0m[31m -21[0m: test/analysis/type_checker/predefined_operations_test.dart: Predefined Operations Channel POSITIVE: send is well-moded[0m                                                             
  [33mSkip: Nested type mode handling not yet implemented for compound types[0m
00:00 [32m+226[0m[33m ~18[0m[31m -21[0m: test/analysis/type_checker/well_typed_term_test.dart: WellTypedTerm VariableTypeInfo equality based on state, mode, and reader status[0m                                              00:00 [32m+226[0m[33m ~18[0m[31m -21[0m: test/analysis/type_checker/predefined_operations_test.dart: Predefined Operations Channel POSITIVE: receive is well-moded[0m                                                          
  [33mSkip: Nested type mode handling not yet implemented for compound types[0m
00:00 [32m+226[0m[33m ~19[0m[31m -21[0m: test/analysis/type_checker/well_typed_term_test.dart: WellTypedTerm VariableTypeInfo equality based on state, mode, and reader status[0m                                              00:00 [32m+226[0m[33m ~19[0m[31m -21[0m: test/analysis/type_checker/predefined_operations_test.dart: Predefined Operations Channel NEGATIVE: send with wrong message mode fails[0m                                             
  [33mSkip: Nested type mode handling not yet implemented for compound types[0m
00:00 [32m+226[0m[33m ~20[0m[31m -21[0m: test/analysis/type_checker/well_typed_term_test.dart: WellTypedTerm VariableTypeInfo equality based on state, mode, and reader status[0m                                              00:00 [32m+226[0m[33m ~20[0m[31m -21[0m: test/analysis/type_checker/predefined_operations_test.dart: Predefined Operations Channel POSITIVE: Producer-consumer pattern[0m                                                      
  [33mSkip: Nested type mode handling not yet implemented for compound types[0m
00:00 [32m+226[0m[33m ~21[0m[31m -21[0m: test/analysis/type_checker/well_typed_term_test.dart: WellTypedTerm VariableTypeInfo equality based on state, mode, and reader status[0m                                              00:00 [32m+226[0m[33m ~21[0m[31m -21[0m: test/analysis/type_checker/predefined_operations_test.dart: Predefined Operations Defined Guards POSITIVE: dl_append usable in guard position[0m                                      
  [33mSkip: Defined guard type checking not yet implemented - depends on body type checking[0m
00:00 [32m+226[0m[33m ~22[0m[31m -21[0m: test/analysis/type_checker/well_typed_term_test.dart: WellTypedTerm VariableTypeInfo equality based on state, mode, and reader status[0m                                              00:00 [32m+226[0m[33m ~22[0m[31m -21[0m: test/analysis/type_checker/predefined_operations_test.dart: Predefined Operations Defined Guards POSITIVE: receive usable in guard position[0m                                        
  [33mSkip: Nested type mode handling and defined guards not yet implemented[0m
00:00 [32m+226[0m[33m ~23[0m[31m -21[0m: test/analysis/type_checker/well_typed_term_test.dart: WellTypedTerm VariableTypeInfo equality based on state, mode, and reader status[0m                                              00:00 [32m+226[0m[33m ~23[0m[31m -21[0m: test/analysis/type_checker/predefined_operations_test.dart: Predefined Operations Defined Guards POSITIVE: dl_to_list in guard for closing difference list[0m                         
  [33mSkip: Defined guard type checking not yet implemented - depends on body type checking[0m
00:00 [32m+226[0m[33m ~24[0m[31m -21[0m: test/analysis/type_checker/well_typed_term_test.dart: WellTypedTerm VariableTypeInfo equality based on state, mode, and reader status[0m                                              00:00 [32m+227[0m[33m ~24[0m[31m -21[0m: test/analysis/type_checker/predefined_operations_test.dart: Predefined Operations Single-mode List POSITIVE: List copy with two clauses passes[0m                                     00:00 [32m+228[0m[33m ~24[0m[31m -21[0m: test/analysis/type_checker/predefined_operations_test.dart: Predefined Operations Single-mode List POSITIVE: List copy with two clauses passes[0m                                     00:00 [32m+229[0m[33m ~24[0m[31m -21[0m: test/analysis/type_checker/well_typed_term_test.dart: WellTypedTerm Error Types InconsistentPathError message includes path[0m                                                        00:00 [32m+230[0m[33m ~24[0m[31m -21[0m: test/analysis/type_checker/well_typed_term_test.dart: WellTypedTerm Error Types InconsistentPathError message includes path[0m                                                        00:00 [32m+230[0m[33m ~24[0m[31m -21[0m: test/analysis/type_checker/predefined_operations_test.dart: Predefined Operations Single-mode List POSITIVE: List (with _ elements) simple copy[0m                                    00:00 [32m+231[0m[33m ~24[0m[31m -21[0m: test/analysis/type_checker/predefined_operations_test.dart: Predefined Operations Single-mode List POSITIVE: List (with _ elements) simple copy[0m                                    00:00 [32m+232[0m[33m ~24[0m[31m -21[0m: test/analysis/type_checker/predefined_operations_test.dart: Predefined Operations Single-mode List POSITIVE: List (with _ elements) simple copy[0m                                    00:00 [32m+233[0m[33m ~24[0m[31m -21[0m: test/analysis/type_checker/well_typed_term_test.dart: WellTypedTerm WellTypedResult Factories success factory creates well-typed result[0m                                            00:00 [32m+234[0m[33m ~24[0m[31m -21[0m: test/analysis/type_checker/well_typed_term_test.dart: WellTypedTerm WellTypedResult Factories success factory creates well-typed result[0m                                            00:00 [32m+234[0m[33m ~24[0m[31m -21[0m: test/analysis/type_checker/well_typed_term_test.dart: WellTypedTerm WellTypedResult Factories failure factory creates ill-typed result[0m                                             00:00 [32m+235[0m[33m ~24[0m[31m -21[0m: test/analysis/type_checker/well_typed_term_test.dart: WellTypedTerm WellTypedResult Factories failure factory creates ill-typed result[0m                                             00:00 [32m+235[0m[33m ~24[0m[31m -21[0m: [1m[90mloading test/analysis/type_checker/moded_type_parser_test.dart[0m[0m                                                                                                                     00:00 [32m+235[0m[33m ~24[0m[31m -21[0m: test/analysis/type_checker/moded_type_parser_test.dart: Moded Type Parser Parse procedure with input modes - merge(List?, List?, List)[0m                                             00:00 [32m+236[0m[33m ~24[0m[31m -21[0m: test/analysis/type_checker/moded_type_parser_test.dart: Moded Type Parser Parse procedure with input modes - merge(List?, List?, List)[0m                                             00:00 [32m+236[0m[33m ~24[0m[31m -21[0m: test/analysis/type_checker/moded_type_parser_test.dart: Moded Type Parser Parse procedure with all output modes - foo(A, B, C)[0m                                                     00:00 [32m+237[0m[33m ~24[0m[31m -21[0m: test/analysis/type_checker/moded_type_parser_test.dart: Moded Type Parser Parse procedure with all output modes - foo(A, B, C)[0m                                                     00:00 [32m+237[0m[33m ~24[0m[31m -21[0m: test/analysis/type_checker/moded_type_parser_test.dart: Moded Type Parser Parse procedure with mixed modes - bar(X?, Y, Z?)[0m                                                        00:00 [32m+237[0m[33m ~24[0m[31m -21[0m: test/analysis/type_checker/channel_types_test.dart: Channel Types Channel Creation POSITIVE: create_channel with complementary modes[0m                                               
  [33mSkip: Nested type mode handling not yet implemented for compound types like ch(MyList?, MyList)[0m
00:00 [32m+237[0m[33m ~25[0m[31m -21[0m: test/analysis/type_checker/moded_type_parser_test.dart: Moded Type Parser Parse procedure with mixed modes - bar(X?, Y, Z?)[0m                                                        00:00 [32m+238[0m[33m ~25[0m[31m -21[0m: test/analysis/type_checker/moded_type_parser_test.dart: Moded Type Parser Parse procedure with mixed modes - bar(X?, Y, Z?)[0m                                                        00:00 [32m+238[0m[33m ~25[0m[31m -21[0m: test/analysis/type_checker/channel_types_test.dart: Channel Types Channel Creation POSITIVE: channel sender uses correct modes[0m                                                     00:00 [32m+238[0m[33m ~25[0m[31m -21[0m: test/analysis/type_checker/channel_types_test.dart: Channel Types Channel Creation POSITIVE: channel sender uses correct modes[0m                                                     
  [33mSkip: Nested type mode handling not yet implemented for compound types like ch(MyList?, MyList)[0m
00:00 [32m+238[0m[33m ~26[0m[31m -21[0m: test/analysis/type_checker/channel_types_test.dart: Channel Types Channel Creation POSITIVE: channel sender uses correct modes[0m                                                     00:00 [32m+238[0m[33m ~26[0m[31m -21[0m: test/analysis/type_checker/moded_type_parser_test.dart: Moded Type Parser Parse type definition with embedded modes - embedded not yet supported[0m                                   00:00 [32m+238[0m[33m ~26[0m[31m -21[0m: test/analysis/type_checker/channel_types_test.dart: Channel Types Bounded Buffer POSITIVE: bounded buffer consumes slots[0m                                                           
  [33mSkip: Complex nested mode inference not yet implemented[0m
00:00 [32m+238[0m[33m ~27[0m[31m -21[0m: test/analysis/type_checker/moded_type_parser_test.dart: Moded Type Parser Parse type definition with embedded modes - embedded not yet supported[0m                                   00:00 [32m+238[0m[33m ~27[0m[31m -21[0m: test/analysis/type_checker/channel_types_test.dart: Channel Types Bounded Buffer NEGATIVE: bounded buffer with wrong slot mode fails[0m                                               
  [33mSkip: Complex nested mode inference not yet implemented[0m
00:00 [32m+238[0m[33m ~28[0m[31m -21[0m: test/analysis/type_checker/moded_type_parser_test.dart: Moded Type Parser Parse type definition with embedded modes - embedded not yet supported[0m                                   00:00 [32m+239[0m[33m ~28[0m[31m -21[0m: test/analysis/type_checker/moded_type_parser_test.dart: Moded Type Parser Parse type definition with embedded modes - embedded not yet supported[0m                                   00:00 [32m+239[0m[33m ~28[0m[31m -21[0m: test/analysis/type_checker/channel_types_test.dart: Channel Types Channel Coverage POSITIVE: handler covers both channel orientations[0m                                              00:00 [32m+239[0m[33m ~28[0m[31m -21[0m: test/analysis/type_checker/channel_types_test.dart: Channel Types Channel Coverage POSITIVE: handler covers both channel orientations[0m                                              
  [33mSkip: Nested type mode handling not yet implemented for compound types like ch(MyList?, MyList)[0m
00:00 [32m+239[0m[33m ~29[0m[31m -21[0m: test/analysis/type_checker/channel_types_test.dart: Channel Types Channel Coverage POSITIVE: handler covers both channel orientations[0m                                              00:00 [32m+239[0m[33m ~29[0m[31m -21[0m: test/analysis/type_checker/moded_type_parser_test.dart: Moded Type Parser TypeRef complement operation - mode inversion[0m                                                            00:00 [32m+239[0m[33m ~29[0m[31m -21[0m: test/analysis/type_checker/channel_types_test.dart: Channel Types Channel Coverage NEGATIVE: handler missing one channel orientation fails[0m                                         
  [33mSkip: Subtype fixpoint semantics not yet implemented[0m
00:00 [32m+239[0m[33m ~30[0m[31m -21[0m: test/analysis/type_checker/moded_type_parser_test.dart: Moded Type Parser TypeRef complement operation - mode inversion[0m                                                            00:00 [32m+240[0m[33m ~30[0m[31m -21[0m: test/analysis/type_checker/moded_type_parser_test.dart: Moded Type Parser TypeRef complement operation - mode inversion[0m                                                            00:00 [32m+240[0m[33m ~30[0m[31m -21[0m: test/analysis/type_checker/moded_type_parser_test.dart: Moded Type Parser TypeRef toString includes ? for input mode[0m                                                               00:00 [32m+241[0m[33m ~30[0m[31m -21[0m: test/analysis/type_checker/moded_type_parser_test.dart: Moded Type Parser TypeRef toString includes ? for input mode[0m                                                               00:00 [32m+241[0m[33m ~30[0m[31m -21[0m: test/analysis/type_checker/moded_type_parser_test.dart: Moded Type Parser TypeRef equality includes mode[0m                                                                           00:00 [32m+242[0m[33m ~30[0m[31m -21[0m: test/analysis/type_checker/moded_type_parser_test.dart: Moded Type Parser TypeRef equality includes mode[0m                                                                           00:00 [32m+242[0m[33m ~30[0m[31m -21[0m: test/analysis/type_checker/moded_type_parser_test.dart: Moded Type Parser ProcDecl isInputArg helper[0m                                                                               00:00 [32m+243[0m[33m ~30[0m[31m -21[0m: test/analysis/type_checker/moded_type_parser_test.dart: Moded Type Parser ProcDecl isInputArg helper[0m                                                                               00:00 [32m+243[0m[33m ~30[0m[31m -21[0m: test/analysis/type_checker/moded_type_parser_test.dart: Moded Type Parser Parse counter.glp - real example from typed_book[0m                                                         00:00 [32m+244[0m[33m ~30[0m[31m -21[0m: test/analysis/type_checker/moded_type_parser_test.dart: Moded Type Parser Parse counter.glp - real example from typed_book[0m                                                         00:00 [32m+244[0m[33m ~30[0m[31m -21[0m: [31mSome tests failed.[0m                                                                                                                                                                 

Consider enabling the flag chain-stack-traces to receive more detailed exceptions.
For example, 'dart test --chain-stack-traces'.
