month 1 at 2629800 circulation 36 holdings 4 wallets 3 pays 1 proposals 3 accepted 2 declined 1
month 2 at 5259600 circulation 40 holdings 4 wallets 3 pays 5 proposals 5 accepted 3 declined 2
month 3 at 7889400 circulation 47 holdings 5 wallets 3 pays 8 proposals 7 accepted 4 declined 2
month 4 at 10519200 circulation 58 holdings 5 wallets 3 pays 9 proposals 9 accepted 6 declined 2
month 5 at 13149000 circulation 88 holdings 8 wallets 4 pays 9 proposals 9 accepted 7 declined 2
month 6 at 15778800 circulation 88 holdings 8 wallets 4 pays 9 proposals 9 accepted 7 declined 2
month 7 at 18408600 circulation 88 holdings 8 wallets 4 pays 9 proposals 9 accepted 7 declined 2
month 8 at 21038400 circulation 88 holdings 8 wallets 4 pays 9 proposals 9 accepted 7 declined 2
month 9 at 23668200 circulation 88 holdings 8 wallets 4 pays 9 proposals 9 accepted 7 declined 2
month 10 at 26298000 circulation 88 holdings 8 wallets 4 pays 9 proposals 9 accepted 7 declined 2
month 11 at 28927800 circulation 88 holdings 8 wallets 4 pays 9 proposals 9 accepted 7 declined 2
month 12 at 31557600 circulation 88 holdings 8 wallets 4 pays 9 proposals 9 accepted 7 declined 2
answers 27
menu_answers 18
offer_answers 9
pays 9
proposals 9
accepted 7
declined 2
circulation 88
holdings 8
wallets 4
clock 11100000
unread 0
unordered 0
unmatched 0
